{
    "code": -32000,
    "message": "Server error"
}