{
    "data": {
        "type": "user",
        "id": "1",
        "attributes": {
            "name": "John"
        }
    }
}