{
    "data": [
        {
            "type": "user",
            "id": "1",
            "attributes": {
                "name": "John"
            }
        },
        {
            "type": "user",
            "id": "2",
            "attributes": {
                "name": "Jane"
            }
        }
    ]
}