{
    "data": [
        {
            "type": "user",
            "id": "1",
            "attributes": {
                "name": "John 1"
            }
        },
        {
            "type": "user",
            "id": "2",
            "attributes": {
                "name": "John 2"
            }
        },
        {
            "type": "user",
            "id": "3",
            "attributes": {
                "name": "John 3"
            }
        },
        {
            "type": "user",
            "id": "4",
            "attributes": {
                "name": "John 4"
            }
        },
        {
            "type": "user",
            "id": "5",
            "attributes": {
                "name": "John 5"
            }
        },
        {
            "type": "user",
            "id": "6",
            "attributes": {
                "name": "John 6"
            }
        },
        {
            "type": "user",
            "id": "7",
            "attributes": {
                "name": "John 7"
            }
        },
        {
            "type": "user",
            "id": "8",
            "attributes": {
                "name": "John 8"
            }
        },
        {
            "type": "user",
            "id": "9",
            "attributes": {
                "name": "John 9"
            }
        },
        {
            "type": "user",
            "id": "10",
            "attributes": {
                "name": "John 10"
            }
        },
        {
            "type": "user",
            "id": "11",
            "attributes": {
                "name": "John 11"
            }
        },
        {
            "type": "user",
            "id": "12",
            "attributes": {
                "name": "John 12"
            }
        },
        {
            "type": "user",
            "id": "13",
            "attributes": {
                "name": "John 13"
            }
        },
        {
            "type": "user",
            "id": "14",
            "attributes": {
                "name": "John 14"
            }
        },
        {
            "type": "user",
            "id": "15",
            "attributes": {
                "name": "John 15"
            }
        },
        {
            "type": "user",
            "id": "16",
            "attributes": {
                "name": "John 16"
            }
        },
        {
            "type": "user",
            "id": "17",
            "attributes": {
                "name": "John 17"
            }
        },
        {
            "type": "user",
            "id": "18",
            "attributes": {
                "name": "John 18"
            }
        },
        {
            "type": "user",
            "id": "19",
            "attributes": {
                "name": "John 19"
            }
        },
        {
            "type": "user",
            "id": "20",
            "attributes": {
                "name": "John 20"
            }
        },
        {
            "type": "user",
            "id": "21",
            "attributes": {
                "name": "John 21"
            }
        },
        {
            "type": "user",
            "id": "22",
            "attributes": {
                "name": "John 22"
            }
        },
        {
            "type": "user",
            "id": "23",
            "attributes": {
                "name": "John 23"
            }
        },
        {
            "type": "user",
            "id": "24",
            "attributes": {
                "name": "John 24"
            }
        },
        {
            "type": "user",
            "id": "25",
            "attributes": {
                "name": "John 25"
            }
        },
        {
            "type": "user",
            "id": "26",
            "attributes": {
                "name": "John 26"
            }
        },
        {
            "type": "user",
            "id": "27",
            "attributes": {
                "name": "John 27"
            }
        },
        {
            "type": "user",
            "id": "28",
            "attributes": {
                "name": "John 28"
            }
        },
        {
            "type": "user",
            "id": "29",
            "attributes": {
                "name": "John 29"
            }
        },
        {
            "type": "user",
            "id": "30",
            "attributes": {
                "name": "John 30"
            }
        },
        {
            "type": "user",
            "id": "31",
            "attributes": {
                "name": "John 31"
            }
        },
        {
            "type": "user",
            "id": "32",
            "attributes": {
                "name": "John 32"
            }
        },
        {
            "type": "user",
            "id": "33",
            "attributes": {
                "name": "John 33"
            }
        },
        {
            "type": "user",
            "id": "34",
            "attributes": {
                "name": "John 34"
            }
        },
        {
            "type": "user",
            "id": "35",
            "attributes": {
                "name": "John 35"
            }
        },
        {
            "type": "user",
            "id": "36",
            "attributes": {
                "name": "John 36"
            }
        },
        {
            "type": "user",
            "id": "37",
            "attributes": {
                "name": "John 37"
            }
        },
        {
            "type": "user",
            "id": "38",
            "attributes": {
                "name": "John 38"
            }
        },
        {
            "type": "user",
            "id": "39",
            "attributes": {
                "name": "John 39"
            }
        },
        {
            "type": "user",
            "id": "40",
            "attributes": {
                "name": "John 40"
            }
        },
        {
            "type": "user",
            "id": "41",
            "attributes": {
                "name": "John 41"
            }
        },
        {
            "type": "user",
            "id": "42",
            "attributes": {
                "name": "John 42"
            }
        },
        {
            "type": "user",
            "id": "43",
            "attributes": {
                "name": "John 43"
            }
        },
        {
            "type": "user",
            "id": "44",
            "attributes": {
                "name": "John 44"
            }
        },
        {
            "type": "user",
            "id": "45",
            "attributes": {
                "name": "John 45"
            }
        },
        {
            "type": "user",
            "id": "46",
            "attributes": {
                "name": "John 46"
            }
        },
        {
            "type": "user",
            "id": "47",
            "attributes": {
                "name": "John 47"
            }
        },
        {
            "type": "user",
            "id": "48",
            "attributes": {
                "name": "John 48"
            }
        },
        {
            "type": "user",
            "id": "49",
            "attributes": {
                "name": "John 49"
            }
        },
        {
            "type": "user",
            "id": "50",
            "attributes": {
                "name": "John 50"
            }
        },
        {
            "type": "user",
            "id": "51",
            "attributes": {
                "name": "John 51"
            }
        },
        {
            "type": "user",
            "id": "52",
            "attributes": {
                "name": "John 52"
            }
        },
        {
            "type": "user",
            "id": "53",
            "attributes": {
                "name": "John 53"
            }
        },
        {
            "type": "user",
            "id": "54",
            "attributes": {
                "name": "John 54"
            }
        },
        {
            "type": "user",
            "id": "55",
            "attributes": {
                "name": "John 55"
            }
        },
        {
            "type": "user",
            "id": "56",
            "attributes": {
                "name": "John 56"
            }
        },
        {
            "type": "user",
            "id": "57",
            "attributes": {
                "name": "John 57"
            }
        },
        {
            "type": "user",
            "id": "58",
            "attributes": {
                "name": "John 58"
            }
        },
        {
            "type": "user",
            "id": "59",
            "attributes": {
                "name": "John 59"
            }
        },
        {
            "type": "user",
            "id": "60",
            "attributes": {
                "name": "John 60"
            }
        },
        {
            "type": "user",
            "id": "61",
            "attributes": {
                "name": "John 61"
            }
        },
        {
            "type": "user",
            "id": "62",
            "attributes": {
                "name": "John 62"
            }
        },
        {
            "type": "user",
            "id": "63",
            "attributes": {
                "name": "John 63"
            }
        },
        {
            "type": "user",
            "id": "64",
            "attributes": {
                "name": "John 64"
            }
        },
        {
            "type": "user",
            "id": "65",
            "attributes": {
                "name": "John 65"
            }
        },
        {
            "type": "user",
            "id": "66",
            "attributes": {
                "name": "John 66"
            }
        },
        {
            "type": "user",
            "id": "67",
            "attributes": {
                "name": "John 67"
            }
        },
        {
            "type": "user",
            "id": "68",
            "attributes": {
                "name": "John 68"
            }
        },
        {
            "type": "user",
            "id": "69",
            "attributes": {
                "name": "John 69"
            }
        },
        {
            "type": "user",
            "id": "70",
            "attributes": {
                "name": "John 70"
            }
        },
        {
            "type": "user",
            "id": "71",
            "attributes": {
                "name": "John 71"
            }
        },
        {
            "type": "user",
            "id": "72",
            "attributes": {
                "name": "John 72"
            }
        },
        {
            "type": "user",
            "id": "73",
            "attributes": {
                "name": "John 73"
            }
        },
        {
            "type": "user",
            "id": "74",
            "attributes": {
                "name": "John 74"
            }
        },
        {
            "type": "user",
            "id": "75",
            "attributes": {
                "name": "John 75"
            }
        },
        {
            "type": "user",
            "id": "76",
            "attributes": {
                "name": "John 76"
            }
        },
        {
            "type": "user",
            "id": "77",
            "attributes": {
                "name": "John 77"
            }
        },
        {
            "type": "user",
            "id": "78",
            "attributes": {
                "name": "John 78"
            }
        },
        {
            "type": "user",
            "id": "79",
            "attributes": {
                "name": "John 79"
            }
        },
        {
            "type": "user",
            "id": "80",
            "attributes": {
                "name": "John 80"
            }
        },
        {
            "type": "user",
            "id": "81",
            "attributes": {
                "name": "John 81"
            }
        },
        {
            "type": "user",
            "id": "82",
            "attributes": {
                "name": "John 82"
            }
        },
        {
            "type": "user",
            "id": "83",
            "attributes": {
                "name": "John 83"
            }
        },
        {
            "type": "user",
            "id": "84",
            "attributes": {
                "name": "John 84"
            }
        },
        {
            "type": "user",
            "id": "85",
            "attributes": {
                "name": "John 85"
            }
        },
        {
            "type": "user",
            "id": "86",
            "attributes": {
                "name": "John 86"
            }
        },
        {
            "type": "user",
            "id": "87",
            "attributes": {
                "name": "John 87"
            }
        },
        {
            "type": "user",
            "id": "88",
            "attributes": {
                "name": "John 88"
            }
        },
        {
            "type": "user",
            "id": "89",
            "attributes": {
                "name": "John 89"
            }
        },
        {
            "type": "user",
            "id": "90",
            "attributes": {
                "name": "John 90"
            }
        },
        {
            "type": "user",
            "id": "91",
            "attributes": {
                "name": "John 91"
            }
        },
        {
            "type": "user",
            "id": "92",
            "attributes": {
                "name": "John 92"
            }
        },
        {
            "type": "user",
            "id": "93",
            "attributes": {
                "name": "John 93"
            }
        },
        {
            "type": "user",
            "id": "94",
            "attributes": {
                "name": "John 94"
            }
        },
        {
            "type": "user",
            "id": "95",
            "attributes": {
                "name": "John 95"
            }
        },
        {
            "type": "user",
            "id": "96",
            "attributes": {
                "name": "John 96"
            }
        },
        {
            "type": "user",
            "id": "97",
            "attributes": {
                "name": "John 97"
            }
        },
        {
            "type": "user",
            "id": "98",
            "attributes": {
                "name": "John 98"
            }
        },
        {
            "type": "user",
            "id": "99",
            "attributes": {
                "name": "John 99"
            }
        },
        {
            "type": "user",
            "id": "100",
            "attributes": {
                "name": "John 100"
            }
        }
    ],
    "meta": {
        "page": {
            "cursor": {
                "next": "eyJ1c2Vycy5pZCI6MTAwLCJfcG9pbnRzVG9OZXh0SXRlbXMiOnRydWV9"
            }
        }
    }
}