{
    "code": -32602,
    "message": "Invalid params"
}