{
    "code": -32000,
    "message": "Server error",
    "data": [
        {
            "status": "422",
            "title": "Unprocessable Entity",
            "detail": "The request was well-formed but was unable to be followed due to semantic errors."
        }
    ]
}