{
    "code": -32700,
    "message": "Parse error"
}