{
    "code": -32099,
    "message": "Server not found"
}