{
    "code": -32600,
    "message": "Invalid Request"
}