{
    "code": -32000,
    "message": "Server error",
    "data": [
        {
            "status": "404",
            "title": "Resource Not Found",
            "detail": "User with ID 123 not found"
        }
    ]
}