{
    "code": -32000,
    "message": "Server error",
    "data": [
        {
            "status": "404",
            "title": "Resource Not Found",
            "detail": "The requested model could not be found."
        }
    ]
}