{
    "code": -32000,
    "message": "Server error",
    "data": [
        {
            "status": "403",
            "title": "Forbidden",
            "detail": "You are not authorized to perform this action."
        }
    ]
}